
Ed@Lyhn-PC MINGW64 /d/Ed/Desktop/AdaTestRepo
$ cd AdaTestRepo
bash: cd: AdaTestRepo: No such file or directory

Ed@Lyhn-PC MINGW64 /d/Ed/Desktop/AdaTestRepo
$ git init
Initialized empty Git repository in D:/Ed/Desktop/AdaTestRepo/.git/

Ed@Lyhn-PC MINGW64 /d/Ed/Desktop/AdaTestRepo (master)
$ git status
On branch master

No commits yet

Untracked files:
  (use "git add <file>..." to include in what will be committed)
        MiArchivo.txt

nothing added to commit but untracked files present (use "git add" to track)

Ed@Lyhn-PC MINGW64 /d/Ed/Desktop/AdaTestRepo (master)
$ git add MiArchivo.txt

Ed@Lyhn-PC MINGW64 /d/Ed/Desktop/AdaTestRepo (master)
$ git status
On branch master

No commits yet

Changes to be committed:
  (use "git rm --cached <file>..." to unstage)
        new file:   MiArchivo.txt


Ed@Lyhn-PC MINGW64 /d/Ed/Desktop/AdaTestRepo (master)
$ git commit -m "Primer commit"

*** Please tell me who you are.

Run

  git config --global user.email "you@example.com"
  git config --global user.name "Your Name"

to set your account's default identity.
Omit --global to set the identity only in this repository.

fatal: unable to auto-detect email address (got 'Ed@Lyhn-PC.(none)')

Ed@Lyhn-PC MINGW64 /d/Ed/Desktop/AdaTestRepo (master)
$ git config --global user.name "Edmily John"

Ed@Lyhn-PC MINGW64 /d/Ed/Desktop/AdaTestRepo (master)
$ git config --global user.email "e.johnpe@gmail.com"

Ed@Lyhn-PC MINGW64 /d/Ed/Desktop/AdaTestRepo (master)
$ git commit -m "Primer commit"
[master (root-commit) e208fb5] Primer commit
 1 file changed, 0 insertions(+), 0 deletions(-)
 create mode 100644 MiArchivo.txt

Ed@Lyhn-PC MINGW64 /d/Ed/Desktop/AdaTestRepo (master)
$
